[    0.000000] Linux version 5.13.0-rc7+ (root@system008) (gcc (GCC) 11.1.0, GNU ld (GNU Binutils) 2.36.1) #28 SMP Fri Aug 6 10:31:59 IST 2021
[    0.000000] Command line: root=/dev/sda rw console=ttyS0 loglevel=5
[    0.000000] x86/fpu: x87 FPU will use FXSAVE
[    0.000000] BIOS-provided physical RAM map:
[    0.000000] BIOS-e820: [mem 0x0000000000000000-0x000000000009fbff] usable
[    0.000000] BIOS-e820: [mem 0x000000000009fc00-0x000000000009ffff] reserved
[    0.000000] BIOS-e820: [mem 0x00000000000f0000-0x00000000000fffff] reserved
[    0.000000] BIOS-e820: [mem 0x0000000000100000-0x00000000bffdffff] usable
[    0.000000] BIOS-e820: [mem 0x00000000bffe0000-0x00000000bfffffff] reserved
[    0.000000] BIOS-e820: [mem 0x00000000fffc0000-0x00000000ffffffff] reserved
[    0.000000] BIOS-e820: [mem 0x0000000100000000-0x000000013fffffff] usable
[    0.000000] NX (Execute Disable) protection: active
[    0.000000] SMBIOS 2.8 present.
[    0.000000] DMI: QEMU Standard PC (i440FX + PIIX, 1996), BIOS ArchLinux 1.14.0-1 04/01/2014
[    0.000000] tsc: Fast TSC calibration using PIT
[    0.000000] tsc: Detected 1799.992 MHz processor
[    0.005414] e820: update [mem 0x00000000-0x00000fff] usable ==> reserved
[    0.005595] e820: remove [mem 0x000a0000-0x000fffff] usable
[    0.005808] last_pfn = 0x140000 max_arch_pfn = 0x400000000
[    0.006568] x86/PAT: Configuration [0-7]: WB  WC  UC- UC  WB  WP  UC- WT  
[    0.007168] last_pfn = 0xbffe0 max_arch_pfn = 0x400000000
[    0.016108] found SMP MP-table at [mem 0x000f5ce0-0x000f5cef]
[    0.021110] ACPI: Early table checksum verification disabled
[    0.021487] ACPI: RSDP 0x00000000000F5AF0 000014 (v00 BOCHS )
[    0.021768] ACPI: RSDT 0x00000000BFFE18FE 000034 (v01 BOCHS  BXPC     00000001 BXPC 00000001)
[    0.022401] ACPI: FACP 0x00000000BFFE17B2 000074 (v01 BOCHS  BXPC     00000001 BXPC 00000001)
[    0.022966] ACPI: DSDT 0x00000000BFFE0040 001772 (v01 BOCHS  BXPC     00000001 BXPC 00000001)
[    0.023060] ACPI: FACS 0x00000000BFFE0000 000040
[    0.023115] ACPI: APIC 0x00000000BFFE1826 000078 (v01 BOCHS  BXPC     00000001 BXPC 00000001)
[    0.023136] ACPI: HPET 0x00000000BFFE189E 000038 (v01 BOCHS  BXPC     00000001 BXPC 00000001)
[    0.023154] ACPI: WAET 0x00000000BFFE18D6 000028 (v01 BOCHS  BXPC     00000001 BXPC 00000001)
[    0.023232] ACPI: Reserving FACP table memory at [mem 0xbffe17b2-0xbffe1825]
[    0.023271] ACPI: Reserving DSDT table memory at [mem 0xbffe0040-0xbffe17b1]
[    0.023279] ACPI: Reserving FACS table memory at [mem 0xbffe0000-0xbffe003f]
[    0.023284] ACPI: Reserving APIC table memory at [mem 0xbffe1826-0xbffe189d]
[    0.023289] ACPI: Reserving HPET table memory at [mem 0xbffe189e-0xbffe18d5]
[    0.023294] ACPI: Reserving WAET table memory at [mem 0xbffe18d6-0xbffe18fd]
[    0.023910] ACPI: Local APIC address 0xfee00000
[    0.025615] No NUMA configuration found
[    0.025638] Faking a node at [mem 0x0000000000000000-0x000000013fffffff]
[    0.026361] NODE_DATA(0) allocated [mem 0x13fffc000-0x13fffffff]
[    0.028744] Zone ranges:
[    0.028778]   DMA      [mem 0x0000000000001000-0x0000000000ffffff]
[    0.028862]   DMA32    [mem 0x0000000001000000-0x00000000ffffffff]
[    0.028873]   Normal   [mem 0x0000000100000000-0x000000013fffffff]
[    0.028886] Movable zone start for each node
[    0.028919] Early memory node ranges
[    0.028950]   node   0: [mem 0x0000000000001000-0x000000000009efff]
[    0.029085]   node   0: [mem 0x0000000000100000-0x00000000bffdffff]
[    0.029122]   node   0: [mem 0x0000000100000000-0x000000013fffffff]
[    0.029308] Initmem setup node 0 [mem 0x0000000000001000-0x000000013fffffff]
[    0.029484] On node 0 totalpages: 1048446
[    0.029639]   DMA zone: 64 pages used for memmap
[    0.029668]   DMA zone: 158 pages reserved
[    0.029736]   DMA zone: 3998 pages, LIFO batch:0
[    0.032206]   DMA zone: 28770 pages in unavailable ranges
[    0.032265]   DMA32 zone: 12224 pages used for memmap
[    0.032272]   DMA32 zone: 782304 pages, LIFO batch:63
[    0.057024]   DMA32 zone: 32 pages in unavailable ranges
[    0.057054]   Normal zone: 4096 pages used for memmap
[    0.057072]   Normal zone: 262144 pages, LIFO batch:63
[    0.065949] ACPI: PM-Timer IO Port: 0x608
[    0.066001] ACPI: Local APIC address 0xfee00000
[    0.066469] ACPI: LAPIC_NMI (acpi_id[0xff] dfl dfl lint[0x1])
[    0.066876] IOAPIC[0]: apic_id 0, version 32, address 0xfec00000, GSI 0-23
[    0.067018] ACPI: INT_SRC_OVR (bus 0 bus_irq 0 global_irq 2 dfl dfl)
[    0.067289] ACPI: INT_SRC_OVR (bus 0 bus_irq 5 global_irq 5 high level)
[    0.067325] ACPI: INT_SRC_OVR (bus 0 bus_irq 9 global_irq 9 high level)
[    0.067421] ACPI: INT_SRC_OVR (bus 0 bus_irq 10 global_irq 10 high level)
[    0.067431] ACPI: INT_SRC_OVR (bus 0 bus_irq 11 global_irq 11 high level)
[    0.067515] ACPI: IRQ0 used by override.
[    0.067577] ACPI: IRQ5 used by override.
[    0.067583] ACPI: IRQ9 used by override.
[    0.067586] ACPI: IRQ10 used by override.
[    0.067589] ACPI: IRQ11 used by override.
[    0.067644] Using ACPI (MADT) for SMP configuration information
[    0.067693] ACPI: HPET id: 0x8086a201 base: 0xfed00000
[    0.068048] smpboot: Allowing 1 CPUs, 0 hotplug CPUs
[    0.068996] PM: hibernation: Registered nosave memory: [mem 0x00000000-0x00000fff]
[    0.069045] PM: hibernation: Registered nosave memory: [mem 0x0009f000-0x0009ffff]
[    0.069071] PM: hibernation: Registered nosave memory: [mem 0x000a0000-0x000effff]
[    0.069077] PM: hibernation: Registered nosave memory: [mem 0x000f0000-0x000fffff]
[    0.069086] PM: hibernation: Registered nosave memory: [mem 0xbffe0000-0xbfffffff]
[    0.069092] PM: hibernation: Registered nosave memory: [mem 0xc0000000-0xfffbffff]
[    0.069096] PM: hibernation: Registered nosave memory: [mem 0xfffc0000-0xffffffff]
[    0.069212] [mem 0xc0000000-0xfffbffff] available for PCI devices
[    0.069243] Booting paravirtualized kernel on bare hardware
[    0.069557] clocksource: refined-jiffies: mask: 0xffffffff max_cycles: 0xffffffff, max_idle_ns: 1910969940391419 ns
[    0.079493] setup_percpu: NR_CPUS:64 nr_cpumask_bits:64 nr_cpu_ids:1 nr_node_ids:1
[    0.086480] percpu: Embedded 52 pages/cpu s174360 r8192 d30440 u2097152
[    0.086890] pcpu-alloc: s174360 r8192 d30440 u2097152 alloc=1*2097152
[    0.086983] pcpu-alloc: [0] 0 
[    0.089134] Built 1 zonelists, mobility grouping on.  Total pages: 1031904
[    0.089156] Policy zone: Normal
[    0.089342] Kernel command line: root=/dev/sda rw console=ttyS0 loglevel=5
[    0.101219] Dentry cache hash table entries: 524288 (order: 10, 4194304 bytes, linear)
[    0.106725] Inode-cache hash table entries: 262144 (order: 9, 2097152 bytes, linear)
[    0.108134] mem auto-init: stack:off, heap alloc:off, heap free:off
[    0.355374] Memory: 4023844K/4193784K available (14350K kernel code, 2580K rwdata, 3572K rodata, 1384K init, 1444K bss, 169680K reserved, 0K cma-reserved)
[    0.358895] SLUB: HWalign=64, Order=0-3, MinObjects=0, CPUs=1, Nodes=1
[    0.366970] rcu: Hierarchical RCU implementation.
[    0.366983] rcu: 	RCU event tracing is enabled.
[    0.367010] rcu: 	RCU restricting CPUs from NR_CPUS=64 to nr_cpu_ids=1.
[    0.367159] rcu: RCU calculated value of scheduler-enlistment delay is 100 jiffies.
[    0.367190] rcu: Adjusting geometry for rcu_fanout_leaf=16, nr_cpu_ids=1
[    0.373437] NR_IRQS: 4352, nr_irqs: 256, preallocated irqs: 16
[    0.382406] random: get_random_bytes called from start_kernel+0x373/0x53e with crng_init=0
[    0.387704] Console: colour VGA+ 80x25
[    0.389450] printk: console [ttyS0] enabled
[    0.390429] ACPI: Core revision 20210331
[    0.395546] clocksource: hpet: mask: 0xffffffff max_cycles: 0xffffffff, max_idle_ns: 19112604467 ns
[    0.397318] APIC: Switch to symmetric I/O mode setup
[    0.403742] ..TIMER: vector=0x30 apic1=0 pin1=2 apic2=-1 pin2=-1
[    0.408796] clocksource: tsc-early: mask: 0xffffffffffffffff max_cycles: 0x19f22218814, max_idle_ns: 440795285422 ns
[    0.409316] Calibrating delay loop (skipped), value calculated using timer frequency.. 3599.98 BogoMIPS (lpj=1799992)
[    0.410203] pid_max: default: 32768 minimum: 301
[    0.410799] LSM: Security Framework initializing
[    0.411579] SELinux:  Initializing.
[    0.412358] Mount-cache hash table entries: 8192 (order: 4, 65536 bytes, linear)
[    0.412407] Mountpoint-cache hash table entries: 8192 (order: 4, 65536 bytes, linear)
[    0.430881] Last level iTLB entries: 4KB 0, 2MB 0, 4MB 0
[    0.430913] Last level dTLB entries: 4KB 0, 2MB 0, 4MB 0, 1GB 0
[    0.431323] Spectre V1 : Mitigation: usercopy/swapgs barriers and __user pointer sanitization
[    0.431440] Spectre V2 : Mitigation: Full AMD retpoline
[    0.431458] Spectre V2 : Spectre v2 / SpectreRSB mitigation: Filling RSB on context switch
[    0.431511] Speculative Store Bypass: Vulnerable
[    0.655233] random: fast init done
[    0.697898] Freeing SMP alternatives memory: 44K
[    0.811555] smpboot: CPU0: AMD QEMU Virtual CPU version 2.5+ (family: 0x6, model: 0x6, stepping: 0x3)
[    0.816700] Performance Events: PMU not available due to virtualization, using software events only.
[    0.818229] rcu: Hierarchical SRCU implementation.
[    0.822671] smp: Bringing up secondary CPUs ...
[    0.822757] smp: Brought up 1 node, 1 CPU
[    0.822800] smpboot: Max logical packages: 1
[    0.822869] smpboot: Total of 1 processors activated (3599.98 BogoMIPS)
[    0.836370] devtmpfs: initialized
[    0.843809] clocksource: jiffies: mask: 0xffffffff max_cycles: 0xffffffff, max_idle_ns: 1911260446275000 ns
[    0.843942] futex hash table entries: 256 (order: 2, 16384 bytes, linear)
[    0.847075] PM: RTC time: 16:03:29, date: 2021-08-06
[    0.850925] NET: Registered protocol family 16
[    0.853654] audit: initializing netlink subsys (disabled)
[    0.857372] audit: type=2000 audit(1628265809.455:1): state=initialized audit_enabled=0 res=1
[    0.859163] thermal_sys: Registered thermal governor 'step_wise'
[    0.859204] thermal_sys: Registered thermal governor 'user_space'
[    0.859373] cpuidle: using governor menu
[    0.860320] ACPI: bus type PCI registered
[    0.862600] PCI: Using configuration type 1 for base access
[    0.881883] Kprobes globally optimized
[    0.883765] HugeTLB registered 2.00 MiB page size, pre-allocated 0 pages
[    0.888167] cryptomgr_test (20) used greatest stack depth: 15664 bytes left
[    0.894734] ACPI: Added _OSI(Module Device)
[    0.894764] ACPI: Added _OSI(Processor Device)
[    0.894771] ACPI: Added _OSI(3.0 _SCP Extensions)
[    0.894777] ACPI: Added _OSI(Processor Aggregator Device)
[    0.894850] ACPI: Added _OSI(Linux-Dell-Video)
[    0.894858] ACPI: Added _OSI(Linux-Lenovo-NV-HDMI-Audio)
[    0.894864] ACPI: Added _OSI(Linux-HPI-Hybrid-Graphics)
[    0.908106] ACPI: 1 ACPI AML tables successfully acquired and loaded
[    0.922000] ACPI: Interpreter enabled
[    0.922854] ACPI: (supports S0 S3 S4 S5)
[    0.922900] ACPI: Using IOAPIC for interrupt routing
[    0.923330] PCI: Using host bridge windows from ACPI; if necessary, use "pci=nocrs" and report a bug
[    0.924483] ACPI: Enabled 2 GPEs in block 00 to 0F
[    0.952244] ACPI: PCI Root Bridge [PCI0] (domain 0000 [bus 00-ff])
[    0.952938] acpi PNP0A03:00: _OSC: OS supports [ASPM ClockPM Segments MSI HPX-Type3]
[    0.953734] acpi PNP0A03:00: fail to add MMCONFIG information, can't access extended PCI configuration space under this bridge.
[    0.957204] PCI host bridge to bus 0000:00
[    0.957322] pci_bus 0000:00: root bus resource [io  0x0000-0x0cf7 window]
[    0.957447] pci_bus 0000:00: root bus resource [io  0x0d00-0xffff window]
[    0.957458] pci_bus 0000:00: root bus resource [mem 0x000a0000-0x000bffff window]
[    0.957521] pci_bus 0000:00: root bus resource [mem 0xc0000000-0xfebfffff window]
[    0.957529] pci_bus 0000:00: root bus resource [mem 0x140000000-0x1bfffffff window]
[    0.957685] pci_bus 0000:00: root bus resource [bus 00-ff]
[    0.958753] pci 0000:00:00.0: [8086:1237] type 00 class 0x060000
[    0.965778] pci 0000:00:01.0: [8086:7000] type 00 class 0x060100
[    0.966897] pci 0000:00:01.1: [8086:7010] type 00 class 0x010180
[    0.971358] pci 0000:00:01.1: reg 0x20: [io  0xc040-0xc04f]
[    0.972168] pci 0000:00:01.1: legacy IDE quirk: reg 0x10: [io  0x01f0-0x01f7]
[    0.972218] pci 0000:00:01.1: legacy IDE quirk: reg 0x14: [io  0x03f6]
[    0.972259] pci 0000:00:01.1: legacy IDE quirk: reg 0x18: [io  0x0170-0x0177]
[    0.972287] pci 0000:00:01.1: legacy IDE quirk: reg 0x1c: [io  0x0376]
[    0.973746] pci 0000:00:01.3: [8086:7113] type 00 class 0x068000
[    0.974174] pci 0000:00:01.3: quirk: [io  0x0600-0x063f] claimed by PIIX4 ACPI
[    0.974225] pci 0000:00:01.3: quirk: [io  0x0700-0x070f] claimed by PIIX4 SMB
[    0.974835] pci 0000:00:02.0: [1234:1111] type 00 class 0x030000
[    0.975127] pci 0000:00:02.0: reg 0x10: [mem 0xfd000000-0xfdffffff pref]
[    0.976127] pci 0000:00:02.0: reg 0x18: [mem 0xfebf0000-0xfebf0fff]
[    0.977127] pci 0000:00:02.0: reg 0x30: [mem 0xfebe0000-0xfebeffff pref]
[    0.981602] pci 0000:00:03.0: [8086:100e] type 00 class 0x020000
[    0.982101] pci 0000:00:03.0: reg 0x10: [mem 0xfebc0000-0xfebdffff]
[    0.982623] pci 0000:00:03.0: reg 0x14: [io  0xc000-0xc03f]
[    0.983127] pci 0000:00:03.0: reg 0x30: [mem 0xfeb80000-0xfebbffff pref]
[    0.991724] ACPI: PCI: Interrupt link LNKA configured for IRQ 10
[    0.992395] ACPI: PCI: Interrupt link LNKB configured for IRQ 10
[    0.992833] ACPI: PCI: Interrupt link LNKC configured for IRQ 11
[    0.993306] ACPI: PCI: Interrupt link LNKD configured for IRQ 11
[    0.993552] ACPI: PCI: Interrupt link LNKS configured for IRQ 9
[    0.995460] iommu: Default domain type: Translated 
[    0.999265] pci 0000:00:02.0: vgaarb: setting as boot VGA device
[    0.999375] pci 0000:00:02.0: vgaarb: VGA device added: decodes=io+mem,owns=io+mem,locks=none
[    0.999437] pci 0000:00:02.0: vgaarb: bridge control possible
[    0.999552] vgaarb: loaded
[    1.001090] SCSI subsystem initialized
[    1.001762] libata version 3.00 loaded.
[    1.002397] ACPI: bus type USB registered
[    1.002773] usbcore: registered new interface driver usbfs
[    1.003028] usbcore: registered new interface driver hub
[    1.003181] usbcore: registered new device driver usb
[    1.003558] pps_core: LinuxPPS API ver. 1 registered
[    1.003574] pps_core: Software ver. 5.3.6 - Copyright 2005-2007 Rodolfo Giometti <giometti@linux.it>
[    1.003638] PTP clock support registered
[    1.005340] Advanced Linux Sound Architecture Driver Initialized.
[    1.013649] NetLabel: Initializing
[    1.013666] NetLabel:  domain hash size = 128
[    1.013687] NetLabel:  protocols = UNLABELED CIPSOv4 CALIPSO
[    1.014550] NetLabel:  unlabeled traffic allowed by default
[    1.015495] PCI: Using ACPI for IRQ routing
[    1.015632] PCI: pci_cache_line_size set to 64 bytes
[    1.016199] e820: reserve RAM buffer [mem 0x0009fc00-0x0009ffff]
[    1.016365] e820: reserve RAM buffer [mem 0xbffe0000-0xbfffffff]
[    1.016897] hpet: 3 channels of 0 reserved for per-cpu timers
[    1.017174] hpet0: at MMIO 0xfed00000, IRQs 2, 8, 0
[    1.017263] hpet0: 3 comparators, 64-bit 100.000000 MHz counter
[    1.022050] clocksource: Switched to clocksource tsc-early
[    1.070521] VFS: Disk quotas dquot_6.6.0
[    1.070704] VFS: Dquot-cache hash table entries: 512 (order 0, 4096 bytes)
[    1.404656] pnp: PnP ACPI init
[    1.406532] pnp 00:00: Plug and Play ACPI device, IDs PNP0303 (active)
[    1.406777] pnp 00:01: Plug and Play ACPI device, IDs PNP0f13 (active)
[    1.406973] pnp 00:02: [dma 2]
[    1.407155] pnp 00:02: Plug and Play ACPI device, IDs PNP0700 (active)
[    1.407319] pnp 00:03: Plug and Play ACPI device, IDs PNP0400 (active)
[    1.407515] pnp 00:04: Plug and Play ACPI device, IDs PNP0501 (active)
[    1.407655] pnp 00:05: Plug and Play ACPI device, IDs PNP0b00 (active)
[    1.408758] pnp: PnP ACPI: found 6 devices
[    1.427885] clocksource: acpi_pm: mask: 0xffffff max_cycles: 0xffffff, max_idle_ns: 2085701024 ns
[    1.428404] NET: Registered protocol family 2
[    1.429581] IP idents hash table entries: 65536 (order: 7, 524288 bytes, linear)
[    1.435538] tcp_listen_portaddr_hash hash table entries: 2048 (order: 3, 32768 bytes, linear)
[    1.435658] TCP established hash table entries: 32768 (order: 6, 262144 bytes, linear)
[    1.436000] TCP bind hash table entries: 32768 (order: 7, 524288 bytes, linear)
[    1.436406] TCP: Hash tables configured (established 32768 bind 32768)
[    1.437331] UDP hash table entries: 2048 (order: 4, 65536 bytes, linear)
[    1.437761] UDP-Lite hash table entries: 2048 (order: 4, 65536 bytes, linear)
[    1.439161] NET: Registered protocol family 1
[    1.440897] RPC: Registered named UNIX socket transport module.
[    1.440939] RPC: Registered udp transport module.
[    1.440950] RPC: Registered tcp transport module.
[    1.440958] RPC: Registered tcp NFSv4.1 backchannel transport module.
[    1.442903] pci_bus 0000:00: resource 4 [io  0x0000-0x0cf7 window]
[    1.442933] pci_bus 0000:00: resource 5 [io  0x0d00-0xffff window]
[    1.442944] pci_bus 0000:00: resource 6 [mem 0x000a0000-0x000bffff window]
[    1.442953] pci_bus 0000:00: resource 7 [mem 0xc0000000-0xfebfffff window]
[    1.442961] pci_bus 0000:00: resource 8 [mem 0x140000000-0x1bfffffff window]
[    1.443488] pci 0000:00:01.0: PIIX3: Enabling Passive Release
[    1.443581] pci 0000:00:00.0: Limiting direct PCI/PCI transfers
[    1.443645] pci 0000:00:01.0: Activating ISA DMA hang workarounds
[    1.443870] pci 0000:00:02.0: Video device with shadowed ROM at [mem 0x000c0000-0x000dffff]
[    1.443976] PCI: CLS 0 bytes, default 64
[    1.444406] PCI-DMA: Using software bounce buffering for IO (SWIOTLB)
[    1.444432] software IO TLB: mapped [mem 0x00000000bbfe0000-0x00000000bffe0000] (64MB)
[    1.453125] Initialise system trusted keyrings
[    1.454744] workingset: timestamp_bits=56 max_order=20 bucket_order=0
[    1.465344] NFS: Registering the id_resolver key type
[    1.465600] Key type id_resolver registered
[    1.465633] Key type id_legacy registered
[    1.466238] 9p: Installing v9fs 9p2000 file system support
[    1.496995] Key type asymmetric registered
[    1.497062] Asymmetric key parser 'x509' registered
[    1.497284] Block layer SCSI generic (bsg) driver version 0.4 loaded (major 251)
[    1.497383] io scheduler mq-deadline registered
[    1.497458] io scheduler kyber registered
[    1.500632] input: Power Button as /devices/LNXSYSTM:00/LNXPWRBN:00/input/input0
[    1.504100] ACPI: button: Power Button [PWRF]
[    1.506608] Serial: 8250/16550 driver, 4 ports, IRQ sharing enabled
[    1.508502] 00:04: ttyS0 at I/O 0x3f8 (irq = 4, base_baud = 115200) is a 16550A
[    1.512579] Non-volatile memory driver v1.3
[    1.512823] Linux agpgart interface v0.103
[    1.531852] loop: module loaded
[    1.534870] ata_piix 0000:00:01.1: version 2.13
[    1.542256] scsi host0: ata_piix
[    1.544132] scsi host1: ata_piix
[    1.544553] ata1: PATA max MWDMA2 cmd 0x1f0 ctl 0x3f6 bmdma 0xc040 irq 14
[    1.544627] ata2: PATA max MWDMA2 cmd 0x170 ctl 0x376 bmdma 0xc048 irq 15
[    1.549562] e100: Intel(R) PRO/100 Network Driver
[    1.549579] e100: Copyright(c) 1999-2006 Intel Corporation
[    1.549642] e1000: Intel(R) PRO/1000 Network Driver
[    1.549653] e1000: Copyright (c) 1999-2006 Intel Corporation.
[    1.686054] ACPI: \_SB_.LNKC: Enabled at IRQ 11
[    1.710632] ata1.01: NODEV after polling detection
[    1.711438] ata2.01: NODEV after polling detection
[    1.712579] ata2.00: ATAPI: QEMU DVD-ROM, 2.5+, max UDMA/100
[    1.715321] ata1.00: ATA-7: QEMU HARDDISK, 2.5+, max UDMA/100
[    1.715349] ata1.00: 31457280 sectors, multi 16: LBA48 
[    1.727385] scsi 0:0:0:0: Direct-Access     ATA      QEMU HARDDISK    2.5+ PQ: 0 ANSI: 5
[    1.738946] sd 0:0:0:0: [sda] 31457280 512-byte logical blocks: (16.1 GB/15.0 GiB)
[    1.739545] sd 0:0:0:0: [sda] Write Protect is off
[    1.739709] sd 0:0:0:0: [sda] Mode Sense: 00 3a 00 00
[    1.740676] sd 0:0:0:0: [sda] Write cache: enabled, read cache: enabled, doesn't support DPO or FUA
[    1.741938] sd 0:0:0:0: Attached scsi generic sg0 type 0
[    1.743930] scsi 1:0:0:0: CD-ROM            QEMU     QEMU DVD-ROM     2.5+ PQ: 0 ANSI: 5
[    1.762894] sr 1:0:0:0: [sr0] scsi3-mmc drive: 4x/4x cd/rw xa/form2 tray
[    1.763119] cdrom: Uniform CD-ROM driver Revision: 3.20
[    1.765028] sd 0:0:0:0: [sda] Attached SCSI disk
[    1.783142] sr 1:0:0:0: Attached scsi CD-ROM sr0
[    1.784001] sr 1:0:0:0: Attached scsi generic sg1 type 5
[    2.007333] e1000 0000:00:03.0 eth0: (PCI:33MHz:32-bit) 52:54:00:12:34:56
[    2.007706] e1000 0000:00:03.0 eth0: Intel(R) PRO/1000 Network Connection
[    2.008140] e1000e: Intel(R) PRO/1000 Network Driver
[    2.008153] e1000e: Copyright(c) 1999 - 2015 Intel Corporation.
[    2.008283] sky2: driver version 1.30
[    2.009159] ehci_hcd: USB 2.0 'Enhanced' Host Controller (EHCI) Driver
[    2.009242] ehci-pci: EHCI PCI platform driver
[    2.009422] ohci_hcd: USB 1.1 'Open' Host Controller (OHCI) Driver
[    2.009478] ohci-pci: OHCI PCI platform driver
[    2.009631] uhci_hcd: USB Universal Host Controller Interface driver
[    2.010019] usbcore: registered new interface driver usblp
[    2.010178] usbcore: registered new interface driver usb-storage
[    2.010847] i8042: PNP: PS/2 Controller [PNP0303:KBD,PNP0f13:MOU] at 0x60,0x64 irq 1,12
[    2.013381] serio: i8042 KBD port at 0x60,0x64 irq 1
[    2.013573] serio: i8042 AUX port at 0x60,0x64 irq 12
[    2.017384] input: AT Translated Set 2 keyboard as /devices/platform/i8042/serio0/input/input1
[    2.018869] rtc_cmos 00:05: RTC can wake from S4
[    2.024826] rtc_cmos 00:05: registered as rtc0
[    2.025409] rtc_cmos 00:05: alarms up to one day, y3k, 242 bytes nvram, hpet irqs
[    2.025718] fail to initialize ptp_kvm
[    2.026423] device-mapper: ioctl: 4.45.0-ioctl (2021-03-22) initialised: dm-devel@redhat.com
[    2.027009] hid: raw HID events driver (C) Jiri Kosina
[    2.028283] usbcore: registered new interface driver usbhid
[    2.028308] usbhid: USB HID core driver
[    2.038914] Initializing XFRM netlink socket
[    2.040755] NET: Registered protocol family 10
[    2.048411] Segment Routing with IPv6
[    2.051274] sit: IPv6, IPv4 and MPLS over IPv4 tunneling driver
[    2.053889] NET: Registered protocol family 17
[    2.055045] 9pnet: Installing 9P2000 support
[    2.055368] Key type dns_resolver registered
[    2.056788] IPI shorthand broadcast: enabled
[    2.057030] sched_clock: Marking stable (2036636014, 19526633)->(2059575812, -3413165)
[    2.059065] registered taskstats version 1
[    2.059098] Loading compiled-in X.509 certificates
[    2.062894] PM:   Magic number: 1:672:84
[    2.063492] printk: console [netcon0] enabled
[    2.063510] netconsole: network logging started
[    2.065973] cfg80211: Loading compiled-in X.509 certificates for regulatory database
[    2.078366] kworker/u2:1 (62) used greatest stack depth: 14816 bytes left
[    2.086693] cfg80211: Loaded X.509 cert 'sforshee: 00b28ddf47aef9cea7'
[    2.088000] platform regulatory.0: Direct firmware load for regulatory.db failed with error -2
[    2.088558] cfg80211: failed to load regulatory.db
[    2.090022] ALSA device list:
[    2.090261]   No soundcards found.
[    2.480017] tsc: Refined TSC clocksource calibration: 1799.968 MHz
[    2.480735] clocksource: tsc: mask: 0xffffffffffffffff max_cycles: 0x19f20b6a59e, max_idle_ns: 440795250954 ns
[    2.481025] clocksource: Switched to clocksource tsc
[    2.653039] input: ImExPS/2 Generic Explorer Mouse as /devices/platform/i8042/serio1/input/input3
[    2.653863] md: Waiting for all devices to be available before autodetect
[    2.653880] md: If you don't use raid, use raid=noautodetect
[    2.653933] md: Autodetecting RAID arrays.
[    2.653962] md: autorun ...
[    2.653979] md: ... autorun DONE.
[    2.737721] EXT4-fs (sda): warning: mounting fs with errors, running e2fsck is recommended
[    2.807498] EXT4-fs (sda): mounted filesystem with ordered data mode. Opts: (null). Quota mode: none.
[    2.809674] VFS: Mounted root (ext4 filesystem) on device 8:0.
[    2.837501] devtmpfs: mounted
[    2.897770] Freeing unused kernel image (initmem) memory: 1384K
[    2.898031] Write protecting the kernel read-only data: 20480k
[    2.900311] Freeing unused kernel image (text/rodata gap) memory: 2032K
[    2.900803] Freeing unused kernel image (rodata/data gap) memory: 524K
[    2.901060] Run /sbin/init as init process
[    2.901073]   with arguments:
[    2.901088]     /sbin/init
[    2.901100]   with environment:
[    2.901113]     HOME=/
[    2.901120]     TERM=linux
[    3.652605] random: crng init done
[    4.502669] systemd[1]: systemd 248.6-1-manjaro running in system mode. (+PAM +AUDIT -SELINUX -APPARMOR -IMA +SMACK +SECCOMP +GCRYPT +GNUTLS +OPENSSL +ACL +BLKID +CURL +ELFUTILS +FIDO2 +IDN2 -IDN +IPTC +KMOD +LIBCRYPTSETUP +LIBFDISK +PCRE2 -PWQUALITY +P11KIT -QRENCODE +BZIP2 +LZ4 +XZ +ZLIB +ZSTD +XKBCOMMON +UTMP -SYSVINIT default-hierarchy=unified)
[    4.505081] systemd[1]: Detected virtualization qemu.
[    4.505558] systemd[1]: Detected architecture x86-64.
[    4.563404] systemd[1]: Hostname set to <manjaro>.
[    5.044944] 10-manjaro (70) used greatest stack depth: 13568 bytes left
[    5.877010] systemd-fstab-g (75) used greatest stack depth: 13520 bytes left
[    6.640423] systemd[1]: Queued start job for default target Graphical Interface.
[    6.657404] systemd[1]: Created slice Slice /system/getty.
[    6.661715] systemd[1]: Created slice Slice /system/modprobe.
[    6.663830] systemd[1]: Created slice Slice /system/serial-getty.
[    6.665733] systemd[1]: Created slice User and Session Slice.
[    6.668700] systemd[1]: Started Dispatch Password Requests to Console Directory Watch.
[    6.671025] systemd[1]: Started Forward Password Requests to Wall Directory Watch.
[    6.676952] systemd[1]: Set up automount Arbitrary Executable File Formats File System Automount Point.
[    6.678937] systemd[1]: Reached target Local Encrypted Volumes.
[    6.679890] systemd[1]: Reached target Path Units.
[    6.680516] systemd[1]: Reached target Remote File Systems.
[    6.681076] systemd[1]: Reached target Slice Units.
[    6.681705] systemd[1]: Reached target Swaps.
[    6.682342] systemd[1]: Reached target Local Verity Integrity Protected Volumes.
[    6.685791] systemd[1]: Listening on Device-mapper event daemon FIFOs.
[    6.710069] systemd[1]: Listening on Process Core Dump Socket.
[    6.713843] systemd[1]: Listening on Journal Audit Socket.
[    6.716796] systemd[1]: Listening on Journal Socket (/dev/log).
[    6.718819] systemd[1]: Listening on Journal Socket.
[    6.721073] systemd[1]: Listening on udev Control Socket.
[    6.722964] systemd[1]: Listening on udev Kernel Socket.
[    6.734498] systemd[1]: Mounting Huge Pages File System...
[    6.756958] systemd[1]: Mounting POSIX Message Queue File System...
[    6.779885] systemd[1]: Mounting Kernel Debug File System...
[    6.820968] systemd[1]: Mounting Kernel Trace File System...
[    6.863729] systemd[1]: Mounting Temporary Directory /tmp...
[    6.875457] systemd[1]: Condition check resulted in Create List of Static Device Nodes being skipped.
[    6.937428] systemd[1]: Starting Load Kernel Module configfs...
[    6.985651] systemd[1]: Starting Load Kernel Module drm...
[    7.038758] systemd[1]: Starting Load Kernel Module fuse...
[    7.115453] systemd[1]: Condition check resulted in Set Up Additional Binary Formats being skipped.
[    7.122735] systemd[1]: systemd-journald.service: unit configures an IP firewall, but the local system does not support BPF/cgroup firewalling.
[    7.123258] systemd[1]: (This warning is only shown for the first unit using IP firewalling.)
[    7.155028] mount (82) used greatest stack depth: 13488 bytes left
[    7.183529] systemd[1]: Starting Journal Service...
[    7.242540] systemd[1]: Starting Load Kernel Modules...
[    7.295140] systemd[1]: Starting Remount Root and Kernel File Systems...
[    7.304758] systemd[1]: Condition check resulted in Repartition Root Disk being skipped.
[    7.364503] systemd[1]: Starting Coldplug All udev Devices...
[    7.511127] modprobe (88) used greatest stack depth: 13200 bytes left
[    7.597730] systemd[1]: Mounted Huge Pages File System.
[    7.624548] systemd[1]: Mounted POSIX Message Queue File System.
[    7.647517] systemd[1]: Mounted Kernel Debug File System.
[    7.658996] systemd[1]: Mounted Kernel Trace File System.
[    7.677620] systemd[1]: Mounted Temporary Directory /tmp.
[    7.723605] systemd[1]: modprobe@configfs.service: Deactivated successfully.
[    7.750943] systemd[1]: Finished Load Kernel Module configfs.
[    7.797114] systemd[1]: modprobe@drm.service: Deactivated successfully.
[    7.809532] systemd[1]: Finished Load Kernel Module drm.
[    7.832925] systemd[1]: modprobe@fuse.service: Deactivated successfully.
[    7.838561] systemd[1]: Finished Load Kernel Module fuse.
[    7.844117] systemd[1]: Finished Remount Root and Kernel File Systems.
[    7.848571] systemd[1]: Condition check resulted in FUSE Control File System being skipped.
[    7.849167] systemd[1]: Condition check resulted in Kernel Configuration File System being skipped.
[    7.849947] systemd[1]: Condition check resulted in First Boot Wizard being skipped.
[    7.966883] EXT4-fs error (device sda): ext4_mb_generate_buddy:1137: group 97, block bitmap and bg descriptor inconsistent: 797 vs 800 free clusters
[    7.974648] EXT4-fs error (device sda): ext4_validate_block_bitmap:390: comm ext4lazyinit: bg 81: bad block bitmap checksum
[    7.978942] systemd[1]: Condition check resulted in Rebuild Hardware Database being skipped.
[    7.995453] systemd[1]: Starting Load/Save Random Seed...
[    8.001310] systemd[1]: Condition check resulted in Create System Users being skipped.
[    8.035683] systemd[1]: Starting Create Static Device Nodes in /dev...
[    8.075478] systemd[1]: Finished Load Kernel Modules.
[    8.117120] systemd[1]: Starting Apply Kernel Variables...
[    8.850489] systemd[1]: Finished Load/Save Random Seed.
[    8.856780] audit: type=1130 audit(1628265817.455:2): pid=1 uid=0 auid=4294967295 ses=4294967295 subj=kernel msg='unit=systemd-random-seed comm="systemd" exe="/usr/lib/systemd/systemd" hostname=? addr=? terminal=? res=success'
[    8.870906] systemd[1]: Condition check resulted in First Boot Complete being skipped.
[    9.019432] systemd[1]: Finished Apply Kernel Variables.
[    9.024868] audit: type=1130 audit(1628265817.624:3): pid=1 uid=0 auid=4294967295 ses=4294967295 subj=kernel msg='unit=systemd-sysctl comm="systemd" exe="/usr/lib/systemd/systemd" hostname=? addr=? terminal=? res=success'
[    9.058449] systemd[1]: Finished Create Static Device Nodes in /dev.
[    9.062795] audit: type=1130 audit(1628265817.662:4): pid=1 uid=0 auid=4294967295 ses=4294967295 subj=kernel msg='unit=systemd-tmpfiles-setup-dev comm="systemd" exe="/usr/lib/systemd/systemd" hostname=? addr=? terminal=? res=success'
[    9.064904] systemd[1]: Reached target Preparation for Local File Systems.
[    9.068943] systemd[1]: Condition check resulted in Virtual Machine and Container Storage (Compatibility) being skipped.
[    9.069130] systemd[1]: Reached target Local File Systems.
[    9.077443] systemd[1]: Condition check resulted in Rebuild Dynamic Linker Cache being skipped.
[    9.077906] systemd[1]: Condition check resulted in Store a System Token in an EFI Variable being skipped.
[    9.080667] systemd[1]: Condition check resulted in Commit a transient machine-id on disk being skipped.
[    9.108820] systemd[1]: Starting Rule-based Manager for Device Events and Files...
[    9.308901] systemd[1]: Started Journal Service.
[    9.314693] audit: type=1130 audit(1628265817.914:5): pid=1 uid=0 auid=4294967295 ses=4294967295 subj=kernel msg='unit=systemd-journald comm="systemd" exe="/usr/lib/systemd/systemd" hostname=? addr=? terminal=? res=success'
[    9.738911] systemd-journald[90]: Received client request to flush runtime journal.
[   10.049103] audit: type=1130 audit(1628265818.648:6): pid=1 uid=0 auid=4294967295 ses=4294967295 subj=kernel msg='unit=systemd-udev-trigger comm="systemd" exe="/usr/lib/systemd/systemd" hostname=? addr=? terminal=? res=success'
[   10.308988] audit: type=1130 audit(1628265818.908:7): pid=1 uid=0 auid=4294967295 ses=4294967295 subj=kernel msg='unit=systemd-udevd comm="systemd" exe="/usr/lib/systemd/systemd" hostname=? addr=? terminal=? res=success'
[   11.107499] audit: type=1130 audit(1628265819.707:8): pid=1 uid=0 auid=4294967295 ses=4294967295 subj=kernel msg='unit=systemd-journal-flush comm="systemd" exe="/usr/lib/systemd/systemd" hostname=? addr=? terminal=? res=success'
[   12.497166] e1000 0000:00:03.0 enp0s3: renamed from eth0
[   13.769762] audit: type=1130 audit(1628265822.369:9): pid=1 uid=0 auid=4294967295 ses=4294967295 subj=kernel msg='unit=systemd-tmpfiles-setup comm="systemd" exe="/usr/lib/systemd/systemd" hostname=? addr=? terminal=? res=success'
[   14.331129] audit: type=1127 audit(1628265822.930:10): pid=127 uid=0 auid=4294967295 ses=4294967295 subj=kernel msg=' comm="systemd-update-utmp" exe="/usr/lib/systemd/systemd-update-utmp" hostname=? addr=? terminal=? res=success'
[   14.531766] audit: type=1130 audit(1628265823.131:11): pid=1 uid=0 auid=4294967295 ses=4294967295 subj=kernel msg='unit=systemd-update-utmp comm="systemd" exe="/usr/lib/systemd/systemd" hostname=? addr=? terminal=? res=success'
[   14.723825] audit: type=1130 audit(1628265823.323:12): pid=1 uid=0 auid=4294967295 ses=4294967295 subj=kernel msg='unit=dbus comm="systemd" exe="/usr/lib/systemd/systemd" hostname=? addr=? terminal=? res=success'
[   16.088432] audit: type=1130 audit(1628265824.688:13): pid=1 uid=0 auid=4294967295 ses=4294967295 subj=kernel msg='unit=dhcpcd comm="systemd" exe="/usr/lib/systemd/systemd" hostname=? addr=? terminal=? res=success'
[   16.403981] audit: type=1130 audit(1628265825.003:14): pid=1 uid=0 auid=4294967295 ses=4294967295 subj=kernel msg='unit=systemd-user-sessions comm="systemd" exe="/usr/lib/systemd/systemd" hostname=? addr=? terminal=? res=success'
[   16.443828] audit: type=1130 audit(1628265825.043:15): pid=1 uid=0 auid=4294967295 ses=4294967295 subj=kernel msg='unit=getty@tty1 comm="systemd" exe="/usr/lib/systemd/systemd" hostname=? addr=? terminal=? res=success'
[   16.481915] audit: type=1130 audit(1628265825.081:16): pid=1 uid=0 auid=4294967295 ses=4294967295 subj=kernel msg='unit=serial-getty@ttyS0 comm="systemd" exe="/usr/lib/systemd/systemd" hostname=? addr=? terminal=? res=success'
[   16.894679] audit: type=1130 audit(1628265825.494:17): pid=1 uid=0 auid=4294967295 ses=4294967295 subj=kernel msg='unit=systemd-logind comm="systemd" exe="/usr/lib/systemd/systemd" hostname=? addr=? terminal=? res=success'
[   17.278299] e1000: enp0s3 NIC Link is Up 1000 Mbps Full Duplex, Flow Control: RX
[   17.281135] IPv6: ADDRCONF(NETDEV_CHANGE): enp0s3: link becomes ready
[   22.762100] audit: type=1100 audit(1628265831.361:18): pid=147 uid=0 auid=4294967295 ses=4294967295 subj=kernel msg='op=PAM:authentication grantors=pam_securetty,pam_shells,pam_faillock,pam_permit,pam_faillock acct="root" exe="/usr/bin/login" hostname=manjaro addr=? terminal=/dev/ttyS0 res=success'
[   22.783780] audit: type=1101 audit(1628265831.383:19): pid=147 uid=0 auid=4294967295 ses=4294967295 subj=kernel msg='op=PAM:accounting grantors=pam_access,pam_unix,pam_permit,pam_time acct="root" exe="/usr/bin/login" hostname=manjaro addr=? terminal=/dev/ttyS0 res=success'
[   22.806907] audit: type=1103 audit(1628265831.406:20): pid=147 uid=0 auid=4294967295 ses=4294967295 subj=kernel msg='op=PAM:setcred grantors=pam_securetty,pam_shells,pam_faillock,pam_permit,pam_faillock acct="root" exe="/usr/bin/login" hostname=manjaro addr=? terminal=/dev/ttyS0 res=success'
[   22.811067] audit: type=1006 audit(1628265831.409:21): pid=147 uid=0 subj=kernel old-auid=4294967295 auid=0 tty=ttyS0 old-ses=4294967295 ses=1 res=1
[   22.813067] audit: type=1300 audit(1628265831.409:21): arch=c000003e syscall=1 success=yes exit=1 a0=4 a1=7ffd52d09140 a2=1 a3=0 items=0 ppid=1 pid=147 auid=0 uid=0 gid=0 euid=0 suid=0 fsuid=0 egid=0 sgid=0 fsgid=0 tty=ttyS0 ses=1 comm="login" exe="/usr/bin/login" subj=kernel key=(null)
[   22.815657] audit: type=1327 audit(1628265831.409:21): proctitle=2F62696E2F6C6F67696E002D70002D2D
[   23.220363] audit: type=1130 audit(1628265831.819:22): pid=1 uid=0 auid=4294967295 ses=4294967295 subj=kernel msg='unit=user-runtime-dir@0 comm="systemd" exe="/usr/lib/systemd/systemd" hostname=? addr=? terminal=? res=success'
[   23.318887] audit: type=1101 audit(1628265831.918:23): pid=174 uid=0 auid=4294967295 ses=4294967295 subj=kernel msg='op=PAM:accounting grantors=pam_access,pam_unix,pam_permit,pam_time acct="root" exe="/usr/lib/systemd/systemd" hostname=? addr=? terminal=? res=success'
[   23.327859] audit: type=1103 audit(1628265831.927:24): pid=174 uid=0 auid=4294967295 ses=4294967295 subj=kernel msg='op=PAM:setcred grantors=? acct="root" exe="/usr/lib/systemd/systemd" hostname=? addr=? terminal=? res=failed'
[   23.330772] audit: type=1006 audit(1628265831.930:25): pid=174 uid=0 subj=kernel old-auid=4294967295 auid=0 tty=(none) old-ses=4294967295 ses=2 res=1
[  268.997846] -----------------------Inside process_vm_rw-------------------
[  270.901710] 
               copying data from remote to local:3426195468
[  270.902240] 
               process_vm_readv: 3427195746
[  270.902584] 
               error checks process_vm_readv:113459
[  270.902797] 
               ------------------------end of process_vm_rw--------------------------
[  333.167319] EXT4-fs (sda): error count since last fsck: 18
[  333.167418] EXT4-fs (sda): initial error at time 1628145116: ext4_validate_inode_bitmap:99
[  333.167500] EXT4-fs (sda): last error at time 1628265816: ext4_validate_block_bitmap:390
